#! /usr/bin/vvp
:ivl_version "12.0 (stable)";
:ivl_delay_selection "TYPICAL";
:vpi_time_precision - 9;
:vpi_module "/usr/lib64/ivl/system.vpi";
:vpi_module "/usr/lib64/ivl/vhdl_sys.vpi";
:vpi_module "/usr/lib64/ivl/vhdl_textio.vpi";
:vpi_module "/usr/lib64/ivl/v2005_math.vpi";
:vpi_module "/usr/lib64/ivl/va_math.vpi";
:vpi_module "/usr/lib64/ivl/v2009.vpi";
S_0x55bce3bc8620 .scope package, "$unit" "$unit" 2 1;
 .timescale 0 0;
S_0x55bce3bc9e00 .scope module, "tb" "tb" 3 3;
 .timescale -9 -9;
v0x55bce3c019a0_0 .net "HEX0", 6 0, v0x55bce3bfffb0_0;  1 drivers
v0x55bce3c01a80_0 .net "HEX1", 6 0, v0x55bce3c00050_0;  1 drivers
v0x55bce3c01b20_0 .net "HEX2", 6 0, v0x55bce3c00130_0;  1 drivers
v0x55bce3c01c20_0 .net "HEX3", 6 0, v0x55bce3c00210_0;  1 drivers
v0x55bce3c01cf0_0 .net "HEX4", 6 0, v0x55bce3c002f0_0;  1 drivers
v0x55bce3c01de0_0 .net "HEX5", 6 0, v0x55bce3c00460_0;  1 drivers
v0x55bce3c01eb0_0 .var "KEY", 3 0;
v0x55bce3c01f80_0 .net "LEDR", 9 0, L_0x55bce3c14470;  1 drivers
v0x55bce3c02050_0 .var "SW", 9 0;
v0x55bce3c02120_0 .var "clk", 0 0;
E_0x55bce3b87e80 .event anyedge, v0x55bce3c00620_0;
S_0x55bce3bc4dd0 .scope module, "ml" "Minilab0" 3 17, 4 6 0, S_0x55bce3bc9e00;
 .timescale -9 -9;
    .port_info 0 /INPUT 1 "CLOCK2_50";
    .port_info 1 /INPUT 1 "CLOCK3_50";
    .port_info 2 /INPUT 1 "CLOCK4_50";
    .port_info 3 /INPUT 1 "CLOCK_50";
    .port_info 4 /OUTPUT 7 "HEX0";
    .port_info 5 /OUTPUT 7 "HEX1";
    .port_info 6 /OUTPUT 7 "HEX2";
    .port_info 7 /OUTPUT 7 "HEX3";
    .port_info 8 /OUTPUT 7 "HEX4";
    .port_info 9 /OUTPUT 7 "HEX5";
    .port_info 10 /OUTPUT 10 "LEDR";
    .port_info 11 /INPUT 4 "KEY";
    .port_info 12 /INPUT 10 "SW";
P_0x55bce3be0a40 .param/l "DATA_WIDTH" 1 4 32, +C4<00000000000000000000000000001000>;
P_0x55bce3be0a80 .param/l "DEPTH" 1 4 33, +C4<00000000000000000000000000001000>;
P_0x55bce3be0ac0 .param/l "DONE" 1 4 37, C4<10>;
P_0x55bce3be0b00 .param/l "EXEC" 1 4 36, C4<01>;
P_0x55bce3be0b40 .param/l "FILL" 1 4 35, C4<00>;
P_0x55bce3be0b80 .param/l "HEX_0" 0 4 39, C4<1000000>;
P_0x55bce3be0bc0 .param/l "HEX_1" 0 4 40, C4<1111001>;
P_0x55bce3be0c00 .param/l "HEX_10" 0 4 49, C4<0001000>;
P_0x55bce3be0c40 .param/l "HEX_11" 0 4 50, C4<0000011>;
P_0x55bce3be0c80 .param/l "HEX_12" 0 4 51, C4<1000110>;
P_0x55bce3be0cc0 .param/l "HEX_13" 0 4 52, C4<0100001>;
P_0x55bce3be0d00 .param/l "HEX_14" 0 4 53, C4<0000110>;
P_0x55bce3be0d40 .param/l "HEX_15" 0 4 54, C4<0001110>;
P_0x55bce3be0d80 .param/l "HEX_2" 0 4 41, C4<0100100>;
P_0x55bce3be0dc0 .param/l "HEX_3" 0 4 42, C4<0110000>;
P_0x55bce3be0e00 .param/l "HEX_4" 0 4 43, C4<0011001>;
P_0x55bce3be0e40 .param/l "HEX_5" 0 4 44, C4<0010010>;
P_0x55bce3be0e80 .param/l "HEX_6" 0 4 45, C4<0000010>;
P_0x55bce3be0ec0 .param/l "HEX_7" 0 4 46, C4<1111000>;
P_0x55bce3be0f00 .param/l "HEX_8" 0 4 47, C4<0000000>;
P_0x55bce3be0f40 .param/l "HEX_9" 0 4 48, C4<0011000>;
P_0x55bce3be0f80 .param/l "OFF" 0 4 55, C4<1111111>;
v0x55bce3bffcf0_0 .net "CLOCK2_50", 0 0, v0x55bce3c02120_0;  1 drivers
v0x55bce3bffdb0_0 .net "CLOCK3_50", 0 0, v0x55bce3c02120_0;  alias, 1 drivers
v0x55bce3bffe70_0 .net "CLOCK4_50", 0 0, v0x55bce3c02120_0;  alias, 1 drivers
v0x55bce3bfff10_0 .net "CLOCK_50", 0 0, v0x55bce3c02120_0;  alias, 1 drivers
v0x55bce3bfffb0_0 .var "HEX0", 6 0;
v0x55bce3c00050_0 .var "HEX1", 6 0;
v0x55bce3c00130_0 .var "HEX2", 6 0;
v0x55bce3c00210_0 .var "HEX3", 6 0;
v0x55bce3c002f0_0 .var "HEX4", 6 0;
v0x55bce3c00460_0 .var "HEX5", 6 0;
v0x55bce3c00540_0 .net "KEY", 3 0, v0x55bce3c01eb0_0;  1 drivers
v0x55bce3c00620_0 .net "LEDR", 9 0, L_0x55bce3c14470;  alias, 1 drivers
v0x55bce3c00700_0 .net "SW", 9 0, v0x55bce3c02050_0;  1 drivers
L_0x7f00dfccf2a0 .functor BUFT 1, C4<00>, C4<0>, C4<0>, C4<0>;
v0x55bce3c007e0_0 .net/2u *"_ivl_24", 1 0, L_0x7f00dfccf2a0;  1 drivers
v0x55bce3c008c0_0 .net *"_ivl_26", 0 0, L_0x55bce3c13d50;  1 drivers
v0x55bce3c00980_0 .net *"_ivl_32", 0 0, L_0x55bce3c13f40;  1 drivers
L_0x7f00dfccf2e8 .functor BUFT 1, C4<01>, C4<0>, C4<0>, C4<0>;
v0x55bce3c00a60_0 .net/2u *"_ivl_35", 1 0, L_0x7f00dfccf2e8;  1 drivers
v0x55bce3c00c50_0 .net *"_ivl_37", 0 0, L_0x55bce3c14070;  1 drivers
v0x55bce3c00d10_0 .net *"_ivl_43", 0 0, L_0x55bce3c14300;  1 drivers
L_0x7f00dfccf330 .functor BUFT 1, C4<00000000>, C4<0>, C4<0>, C4<0>;
v0x55bce3c00df0_0 .net/2u *"_ivl_44", 7 0, L_0x7f00dfccf330;  1 drivers
v0x55bce3c00ed0 .array "datain", 1 0, 7 0;
v0x55bce3c00fb0 .array "dataout", 1 0;
v0x55bce3c00fb0_0 .net v0x55bce3c00fb0 0, 7 0, v0x55bce3bfd2a0_0; 1 drivers
v0x55bce3c00fb0_1 .net v0x55bce3c00fb0 1, 7 0, v0x55bce3bfef30_0; 1 drivers
v0x55bce3c010a0_0 .net "empty", 1 0, L_0x55bce3c13920;  1 drivers
v0x55bce3c01180_0 .net "full", 1 0, L_0x55bce3c137e0;  1 drivers
v0x55bce3c01260_0 .var/i "j", 31 0;
v0x55bce3c01340_0 .net "macout", 23 0, v0x55bce3bff860_0;  1 drivers
v0x55bce3c01400_0 .net "rden", 1 0, L_0x55bce3c141d0;  1 drivers
v0x55bce3c014c0_0 .var "result", 23 0;
v0x55bce3c015a0_0 .net "rst_n", 0 0, L_0x55bce3c13bd0;  1 drivers
v0x55bce3c01640_0 .var "state", 1 0;
v0x55bce3c01720_0 .net "wren", 1 0, L_0x55bce3c13df0;  1 drivers
E_0x55bce3b883f0 .event anyedge, v0x55bce3c01640_0, v0x55bce3c00700_0, v0x55bce3bff860_0;
L_0x55bce3c12b40 .part L_0x55bce3c141d0, 0, 1;
L_0x55bce3c12be0 .part L_0x55bce3c13df0, 0, 1;
L_0x55bce3c13600 .part L_0x55bce3c141d0, 1, 1;
L_0x55bce3c136f0 .part L_0x55bce3c13df0, 1, 1;
L_0x55bce3c137e0 .concat8 [ 1 1 0 0], L_0x55bce3bda150, L_0x55bce3bc6cf0;
L_0x55bce3c13920 .concat8 [ 1 1 0 0], L_0x55bce3bc9170, L_0x55bce3bc7830;
L_0x55bce3c13aa0 .reduce/and L_0x55bce3c141d0;
L_0x55bce3c13bd0 .part v0x55bce3c01eb0_0, 0, 1;
L_0x55bce3c13d50 .cmp/eq 2, v0x55bce3c01640_0, L_0x7f00dfccf2a0;
L_0x55bce3c13df0 .concat8 [ 1 1 0 0], L_0x55bce3c13d50, L_0x55bce3c13f40;
L_0x55bce3c13f40 .part L_0x55bce3c13df0, 0, 1;
L_0x55bce3c14070 .cmp/eq 2, v0x55bce3c01640_0, L_0x7f00dfccf2e8;
L_0x55bce3c141d0 .concat8 [ 1 1 0 0], L_0x55bce3c14070, L_0x55bce3c14300;
L_0x55bce3c14300 .part L_0x55bce3c141d0, 0, 1;
L_0x55bce3c14470 .concat [ 2 8 0 0], v0x55bce3c01640_0, L_0x7f00dfccf330;
S_0x55bce3bc8b30 .scope generate, "fifo_gen[0]" "fifo_gen[0]" 4 77, 4 77 0, S_0x55bce3bc4dd0;
 .timescale -9 -9;
P_0x55bce3b9e6c0 .param/l "i" 1 4 77, +C4<00>;
S_0x55bce3b8f930 .scope module, "input_fifo" "FIFO" 4 82, 5 1 0, S_0x55bce3bc8b30;
 .timescale 0 0;
    .port_info 0 /INPUT 1 "clk";
    .port_info 1 /INPUT 1 "rst_n";
    .port_info 2 /INPUT 1 "rden";
    .port_info 3 /INPUT 1 "wren";
    .port_info 4 /INPUT 8 "i_data";
    .port_info 5 /OUTPUT 8 "o_data";
    .port_info 6 /OUTPUT 1 "full";
    .port_info 7 /OUTPUT 1 "empty";
P_0x55bce3bd8520 .param/l "DATA_WIDTH" 0 5 4, +C4<00000000000000000000000000001000>;
P_0x55bce3bd8560 .param/l "DEPTH" 0 5 3, +C4<00000000000000000000000000001000>;
L_0x55bce3bda150 .functor AND 1, L_0x55bce3c021c0, L_0x55bce3c12460, C4<1>, C4<1>;
L_0x55bce3bc9170 .functor AND 1, L_0x55bce3c12670, L_0x55bce3c12920, C4<1>, C4<1>;
v0x55bce3bc6e50_0 .net *"_ivl_0", 0 0, L_0x55bce3c021c0;  1 drivers
v0x55bce3bc6ef0_0 .net *"_ivl_12", 0 0, L_0x55bce3c12670;  1 drivers
v0x55bce3bc7990_0 .net *"_ivl_14", 31 0, L_0x55bce3c127e0;  1 drivers
L_0x7f00dfccf0a8 .functor BUFT 1, C4<0000000000000000000000000000000>, C4<0>, C4<0>, C4<0>;
v0x55bce3bc7a60_0 .net *"_ivl_17", 30 0, L_0x7f00dfccf0a8;  1 drivers
L_0x7f00dfccf0f0 .functor BUFT 1, C4<00000000000000000000000000000000>, C4<0>, C4<0>, C4<0>;
v0x55bce3b856a0_0 .net/2u *"_ivl_18", 31 0, L_0x7f00dfccf0f0;  1 drivers
v0x55bce3b85740_0 .net *"_ivl_2", 31 0, L_0x55bce3c022f0;  1 drivers
v0x55bce3bfc900_0 .net *"_ivl_20", 0 0, L_0x55bce3c12920;  1 drivers
L_0x7f00dfccf018 .functor BUFT 1, C4<0000000000000000000000000000000>, C4<0>, C4<0>, C4<0>;
v0x55bce3bfc9c0_0 .net *"_ivl_5", 30 0, L_0x7f00dfccf018;  1 drivers
L_0x7f00dfccf060 .functor BUFT 1, C4<00000000000000000000000000000001>, C4<0>, C4<0>, C4<0>;
v0x55bce3bfcaa0_0 .net/2u *"_ivl_6", 31 0, L_0x7f00dfccf060;  1 drivers
v0x55bce3bfcb80_0 .net *"_ivl_8", 0 0, L_0x55bce3c12460;  1 drivers
v0x55bce3bfcc40 .array "array", 7 0, 7 0;
v0x55bce3bfcd00_0 .var "bptr_raw", 2 0;
v0x55bce3bfcde0_0 .net "clk", 0 0, v0x55bce3c02120_0;  alias, 1 drivers
v0x55bce3bfcea0_0 .var "dir", 0 0;
v0x55bce3bfcf60_0 .net "empty", 0 0, L_0x55bce3bc9170;  1 drivers
v0x55bce3bfd020_0 .var "fptr_raw", 2 0;
v0x55bce3bfd100_0 .net "full", 0 0, L_0x55bce3bda150;  1 drivers
v0x55bce3c00ed0_0 .array/port v0x55bce3c00ed0, 0;
v0x55bce3bfd1c0_0 .net "i_data", 7 0, v0x55bce3c00ed0_0;  1 drivers
v0x55bce3bfd2a0_0 .var "o_data", 7 0;
v0x55bce3bfd380_0 .net "rden", 0 0, L_0x55bce3c12b40;  1 drivers
v0x55bce3bfd440_0 .net "rst_n", 0 0, L_0x55bce3c13bd0;  alias, 1 drivers
v0x55bce3bfd500_0 .net "wren", 0 0, L_0x55bce3c12be0;  1 drivers
E_0x55bce3b87760/0 .event negedge, v0x55bce3bfd440_0;
E_0x55bce3b87760/1 .event posedge, v0x55bce3bfcde0_0;
E_0x55bce3b87760 .event/or E_0x55bce3b87760/0, E_0x55bce3b87760/1;
L_0x55bce3c021c0 .cmp/eq 3, v0x55bce3bfd020_0, v0x55bce3bfcd00_0;
L_0x55bce3c022f0 .concat [ 1 31 0 0], v0x55bce3bfcea0_0, L_0x7f00dfccf018;
L_0x55bce3c12460 .cmp/eq 32, L_0x55bce3c022f0, L_0x7f00dfccf060;
L_0x55bce3c12670 .cmp/eq 3, v0x55bce3bfd020_0, v0x55bce3bfcd00_0;
L_0x55bce3c127e0 .concat [ 1 31 0 0], v0x55bce3bfcea0_0, L_0x7f00dfccf0a8;
L_0x55bce3c12920 .cmp/eq 32, L_0x55bce3c127e0, L_0x7f00dfccf0f0;
S_0x55bce3b9afb0 .scope begin, "$ivl_for_loop0" "$ivl_for_loop0" 5 29, 5 29 0, S_0x55bce3b8f930;
 .timescale 0 0;
v0x55bce3bc1ff0_0 .var/i "i", 31 0;
S_0x55bce3bfd6c0 .scope generate, "fifo_gen[1]" "fifo_gen[1]" 4 77, 4 77 0, S_0x55bce3bc4dd0;
 .timescale -9 -9;
P_0x55bce3bfd890 .param/l "i" 1 4 77, +C4<01>;
S_0x55bce3bfd950 .scope module, "input_fifo" "FIFO" 4 82, 5 1 0, S_0x55bce3bfd6c0;
 .timescale 0 0;
    .port_info 0 /INPUT 1 "clk";
    .port_info 1 /INPUT 1 "rst_n";
    .port_info 2 /INPUT 1 "rden";
    .port_info 3 /INPUT 1 "wren";
    .port_info 4 /INPUT 8 "i_data";
    .port_info 5 /OUTPUT 8 "o_data";
    .port_info 6 /OUTPUT 1 "full";
    .port_info 7 /OUTPUT 1 "empty";
P_0x55bce3bdd490 .param/l "DATA_WIDTH" 0 5 4, +C4<00000000000000000000000000001000>;
P_0x55bce3bdd4d0 .param/l "DEPTH" 0 5 3, +C4<00000000000000000000000000001000>;
L_0x55bce3bc6cf0 .functor AND 1, L_0x55bce3c12c80, L_0x55bce3c12f50, C4<1>, C4<1>;
L_0x55bce3bc7830 .functor AND 1, L_0x55bce3c13130, L_0x55bce3c133e0, C4<1>, C4<1>;
v0x55bce3bfe080_0 .net *"_ivl_0", 0 0, L_0x55bce3c12c80;  1 drivers
v0x55bce3bfe160_0 .net *"_ivl_12", 0 0, L_0x55bce3c13130;  1 drivers
v0x55bce3bfe220_0 .net *"_ivl_14", 31 0, L_0x55bce3c132a0;  1 drivers
L_0x7f00dfccf1c8 .functor BUFT 1, C4<0000000000000000000000000000000>, C4<0>, C4<0>, C4<0>;
v0x55bce3bfe2e0_0 .net *"_ivl_17", 30 0, L_0x7f00dfccf1c8;  1 drivers
L_0x7f00dfccf210 .functor BUFT 1, C4<00000000000000000000000000000000>, C4<0>, C4<0>, C4<0>;
v0x55bce3bfe3c0_0 .net/2u *"_ivl_18", 31 0, L_0x7f00dfccf210;  1 drivers
v0x55bce3bfe4f0_0 .net *"_ivl_2", 31 0, L_0x55bce3c12d80;  1 drivers
v0x55bce3bfe5d0_0 .net *"_ivl_20", 0 0, L_0x55bce3c133e0;  1 drivers
L_0x7f00dfccf138 .functor BUFT 1, C4<0000000000000000000000000000000>, C4<0>, C4<0>, C4<0>;
v0x55bce3bfe690_0 .net *"_ivl_5", 30 0, L_0x7f00dfccf138;  1 drivers
L_0x7f00dfccf180 .functor BUFT 1, C4<00000000000000000000000000000001>, C4<0>, C4<0>, C4<0>;
v0x55bce3bfe770_0 .net/2u *"_ivl_6", 31 0, L_0x7f00dfccf180;  1 drivers
v0x55bce3bfe850_0 .net *"_ivl_8", 0 0, L_0x55bce3c12f50;  1 drivers
v0x55bce3bfe910 .array "array", 7 0, 7 0;
v0x55bce3bfe9d0_0 .var "bptr_raw", 2 0;
v0x55bce3bfeab0_0 .net "clk", 0 0, v0x55bce3c02120_0;  alias, 1 drivers
v0x55bce3bfeb50_0 .var "dir", 0 0;
v0x55bce3bfebf0_0 .net "empty", 0 0, L_0x55bce3bc7830;  1 drivers
v0x55bce3bfecb0_0 .var "fptr_raw", 2 0;
v0x55bce3bfed90_0 .net "full", 0 0, L_0x55bce3bc6cf0;  1 drivers
v0x55bce3c00ed0_1 .array/port v0x55bce3c00ed0, 1;
v0x55bce3bfee50_0 .net "i_data", 7 0, v0x55bce3c00ed0_1;  1 drivers
v0x55bce3bfef30_0 .var "o_data", 7 0;
v0x55bce3bff010_0 .net "rden", 0 0, L_0x55bce3c13600;  1 drivers
v0x55bce3bff0d0_0 .net "rst_n", 0 0, L_0x55bce3c13bd0;  alias, 1 drivers
v0x55bce3bff1a0_0 .net "wren", 0 0, L_0x55bce3c136f0;  1 drivers
L_0x55bce3c12c80 .cmp/eq 3, v0x55bce3bfecb0_0, v0x55bce3bfe9d0_0;
L_0x55bce3c12d80 .concat [ 1 31 0 0], v0x55bce3bfeb50_0, L_0x7f00dfccf138;
L_0x55bce3c12f50 .cmp/eq 32, L_0x55bce3c12d80, L_0x7f00dfccf180;
L_0x55bce3c13130 .cmp/eq 3, v0x55bce3bfecb0_0, v0x55bce3bfe9d0_0;
L_0x55bce3c132a0 .concat [ 1 31 0 0], v0x55bce3bfeb50_0, L_0x7f00dfccf1c8;
L_0x55bce3c133e0 .cmp/eq 32, L_0x55bce3c132a0, L_0x7f00dfccf210;
S_0x55bce3bfdd80 .scope begin, "$ivl_for_loop0" "$ivl_for_loop0" 5 29, 5 29 0, S_0x55bce3bfd950;
 .timescale 0 0;
v0x55bce3bfdf80_0 .var/i "i", 31 0;
S_0x55bce3bff340 .scope module, "mac" "MAC" 4 99, 6 1 0, S_0x55bce3bc4dd0;
 .timescale 0 0;
    .port_info 0 /INPUT 1 "clk";
    .port_info 1 /INPUT 1 "rst_n";
    .port_info 2 /INPUT 1 "En";
    .port_info 3 /INPUT 1 "Clr";
    .port_info 4 /INPUT 8 "Ain";
    .port_info 5 /INPUT 8 "Bin";
    .port_info 6 /OUTPUT 24 "Cout";
P_0x55bce3bff500 .param/l "DATA_WIDTH" 0 6 3, +C4<00000000000000000000000000001000>;
v0x55bce3bff5d0_0 .net "Ain", 7 0, v0x55bce3bfd2a0_0;  alias, 1 drivers
v0x55bce3bff6c0_0 .net "Bin", 7 0, v0x55bce3bfef30_0;  alias, 1 drivers
L_0x7f00dfccf258 .functor BUFT 1, C4<0>, C4<0>, C4<0>, C4<0>;
v0x55bce3bff790_0 .net "Clr", 0 0, L_0x7f00dfccf258;  1 drivers
v0x55bce3bff860_0 .var "Cout", 23 0;
v0x55bce3bff920_0 .net "En", 0 0, L_0x55bce3c13aa0;  1 drivers
v0x55bce3bffa30_0 .net "clk", 0 0, v0x55bce3c02120_0;  alias, 1 drivers
v0x55bce3bffb20_0 .net "rst_n", 0 0, L_0x55bce3c13bd0;  alias, 1 drivers
    .scope S_0x55bce3b8f930;
T_0 ;
    %wait E_0x55bce3b87760;
    %load/vec4 v0x55bce3bfd440_0;
    %nor/r;
    %flag_set/vec4 8;
    %jmp/0xz  T_0.0, 8;
    %fork t_1, S_0x55bce3b9afb0;
    %jmp t_0;
    .scope S_0x55bce3b9afb0;
t_1 ;
    %pushi/vec4 0, 0, 32;
    %store/vec4 v0x55bce3bc1ff0_0, 0, 32;
T_0.2 ;
    %load/vec4 v0x55bce3bc1ff0_0;
    %cmpi/s 8, 0, 32;
    %jmp/0xz T_0.3, 5;
    %pushi/vec4 0, 0, 8;
    %ix/getv/s 3, v0x55bce3bc1ff0_0;
    %ix/load 4, 0, 0; Constant delay
    %assign/vec4/a/d v0x55bce3bfcc40, 0, 4;
    %pushi/vec4 0, 0, 3;
    %assign/vec4 v0x55bce3bfd020_0, 0;
    %pushi/vec4 0, 0, 3;
    %assign/vec4 v0x55bce3bfcd00_0, 0;
    %pushi/vec4 0, 0, 8;
    %assign/vec4 v0x55bce3bfd2a0_0, 0;
    ; show_stmt_assign_vector: Get l-value for compressed += operand
    %load/vec4 v0x55bce3bc1ff0_0;
    %pushi/vec4 1, 0, 32;
    %add;
    %store/vec4 v0x55bce3bc1ff0_0, 0, 32;
    %jmp T_0.2;
T_0.3 ;
    %end;
    .scope S_0x55bce3b8f930;
t_0 %join;
    %jmp T_0.1;
T_0.0 ;
    %load/vec4 v0x55bce3bfd500_0;
    %load/vec4 v0x55bce3bfd100_0;
    %nor/r;
    %and;
    %flag_set/vec4 8;
    %jmp/0xz  T_0.4, 8;
    %load/vec4 v0x55bce3bfd1c0_0;
    %load/vec4 v0x55bce3bfd020_0;
    %pad/u 5;
    %ix/vec4 3;
    %ix/load 4, 0, 0; Constant delay
    %assign/vec4/a/d v0x55bce3bfcc40, 0, 4;
    %load/vec4 v0x55bce3bfd020_0;
    %pad/u 32;
    %addi 1, 0, 32;
    %pushi/vec4 8, 0, 32;
    %mod;
    %pad/u 3;
    %assign/vec4 v0x55bce3bfd020_0, 0;
T_0.4 ;
    %load/vec4 v0x55bce3bfd380_0;
    %load/vec4 v0x55bce3bfcf60_0;
    %nor/r;
    %and;
    %flag_set/vec4 8;
    %jmp/0xz  T_0.6, 8;
    %load/vec4 v0x55bce3bfcd00_0;
    %pad/u 5;
    %ix/vec4 4;
    %load/vec4a v0x55bce3bfcc40, 4;
    %assign/vec4 v0x55bce3bfd2a0_0, 0;
    %load/vec4 v0x55bce3bfcd00_0;
    %pad/u 32;
    %addi 1, 0, 32;
    %pushi/vec4 8, 0, 32;
    %mod;
    %pad/u 3;
    %assign/vec4 v0x55bce3bfcd00_0, 0;
T_0.6 ;
T_0.1 ;
    %jmp T_0;
    .thread T_0;
    .scope S_0x55bce3b8f930;
T_1 ;
    %wait E_0x55bce3b87760;
    %load/vec4 v0x55bce3bfd440_0;
    %nor/r;
    %flag_set/vec4 8;
    %jmp/0xz  T_1.0, 8;
    %pushi/vec4 0, 0, 1;
    %assign/vec4 v0x55bce3bfcea0_0, 0;
    %jmp T_1.1;
T_1.0 ;
    %load/vec4 v0x55bce3bfd500_0;
    %load/vec4 v0x55bce3bfd380_0;
    %nor/r;
    %and;
    %flag_set/vec4 8;
    %jmp/0xz  T_1.2, 8;
    %pushi/vec4 1, 0, 1;
    %assign/vec4 v0x55bce3bfcea0_0, 0;
T_1.2 ;
    %load/vec4 v0x55bce3bfd380_0;
    %load/vec4 v0x55bce3bfd500_0;
    %nor/r;
    %and;
    %flag_set/vec4 8;
    %jmp/0xz  T_1.4, 8;
    %pushi/vec4 0, 0, 1;
    %assign/vec4 v0x55bce3bfcea0_0, 0;
T_1.4 ;
T_1.1 ;
    %jmp T_1;
    .thread T_1;
    .scope S_0x55bce3bfd950;
T_2 ;
    %wait E_0x55bce3b87760;
    %load/vec4 v0x55bce3bff0d0_0;
    %nor/r;
    %flag_set/vec4 8;
    %jmp/0xz  T_2.0, 8;
    %fork t_3, S_0x55bce3bfdd80;
    %jmp t_2;
    .scope S_0x55bce3bfdd80;
t_3 ;
    %pushi/vec4 0, 0, 32;
    %store/vec4 v0x55bce3bfdf80_0, 0, 32;
T_2.2 ;
    %load/vec4 v0x55bce3bfdf80_0;
    %cmpi/s 8, 0, 32;
    %jmp/0xz T_2.3, 5;
    %pushi/vec4 0, 0, 8;
    %ix/getv/s 3, v0x55bce3bfdf80_0;
    %ix/load 4, 0, 0; Constant delay
    %assign/vec4/a/d v0x55bce3bfe910, 0, 4;
    %pushi/vec4 0, 0, 3;
    %assign/vec4 v0x55bce3bfecb0_0, 0;
    %pushi/vec4 0, 0, 3;
    %assign/vec4 v0x55bce3bfe9d0_0, 0;
    %pushi/vec4 0, 0, 8;
    %assign/vec4 v0x55bce3bfef30_0, 0;
    ; show_stmt_assign_vector: Get l-value for compressed += operand
    %load/vec4 v0x55bce3bfdf80_0;
    %pushi/vec4 1, 0, 32;
    %add;
    %store/vec4 v0x55bce3bfdf80_0, 0, 32;
    %jmp T_2.2;
T_2.3 ;
    %end;
    .scope S_0x55bce3bfd950;
t_2 %join;
    %jmp T_2.1;
T_2.0 ;
    %load/vec4 v0x55bce3bff1a0_0;
    %load/vec4 v0x55bce3bfed90_0;
    %nor/r;
    %and;
    %flag_set/vec4 8;
    %jmp/0xz  T_2.4, 8;
    %load/vec4 v0x55bce3bfee50_0;
    %load/vec4 v0x55bce3bfecb0_0;
    %pad/u 5;
    %ix/vec4 3;
    %ix/load 4, 0, 0; Constant delay
    %assign/vec4/a/d v0x55bce3bfe910, 0, 4;
    %load/vec4 v0x55bce3bfecb0_0;
    %pad/u 32;
    %addi 1, 0, 32;
    %pushi/vec4 8, 0, 32;
    %mod;
    %pad/u 3;
    %assign/vec4 v0x55bce3bfecb0_0, 0;
T_2.4 ;
    %load/vec4 v0x55bce3bff010_0;
    %load/vec4 v0x55bce3bfebf0_0;
    %nor/r;
    %and;
    %flag_set/vec4 8;
    %jmp/0xz  T_2.6, 8;
    %load/vec4 v0x55bce3bfe9d0_0;
    %pad/u 5;
    %ix/vec4 4;
    %load/vec4a v0x55bce3bfe910, 4;
    %assign/vec4 v0x55bce3bfef30_0, 0;
    %load/vec4 v0x55bce3bfe9d0_0;
    %pad/u 32;
    %addi 1, 0, 32;
    %pushi/vec4 8, 0, 32;
    %mod;
    %pad/u 3;
    %assign/vec4 v0x55bce3bfe9d0_0, 0;
T_2.6 ;
T_2.1 ;
    %jmp T_2;
    .thread T_2;
    .scope S_0x55bce3bfd950;
T_3 ;
    %wait E_0x55bce3b87760;
    %load/vec4 v0x55bce3bff0d0_0;
    %nor/r;
    %flag_set/vec4 8;
    %jmp/0xz  T_3.0, 8;
    %pushi/vec4 0, 0, 1;
    %assign/vec4 v0x55bce3bfeb50_0, 0;
    %jmp T_3.1;
T_3.0 ;
    %load/vec4 v0x55bce3bff1a0_0;
    %load/vec4 v0x55bce3bff010_0;
    %nor/r;
    %and;
    %flag_set/vec4 8;
    %jmp/0xz  T_3.2, 8;
    %pushi/vec4 1, 0, 1;
    %assign/vec4 v0x55bce3bfeb50_0, 0;
T_3.2 ;
    %load/vec4 v0x55bce3bff010_0;
    %load/vec4 v0x55bce3bff1a0_0;
    %nor/r;
    %and;
    %flag_set/vec4 8;
    %jmp/0xz  T_3.4, 8;
    %pushi/vec4 0, 0, 1;
    %assign/vec4 v0x55bce3bfeb50_0, 0;
T_3.4 ;
T_3.1 ;
    %jmp T_3;
    .thread T_3;
    .scope S_0x55bce3bff340;
T_4 ;
    %wait E_0x55bce3b87760;
    %load/vec4 v0x55bce3bffb20_0;
    %nor/r;
    %flag_set/vec4 8;
    %jmp/0xz  T_4.0, 8;
    %pushi/vec4 0, 0, 24;
    %assign/vec4 v0x55bce3bff860_0, 0;
    %jmp T_4.1;
T_4.0 ;
    %load/vec4 v0x55bce3bff790_0;
    %flag_set/vec4 8;
    %jmp/0xz  T_4.2, 8;
    %pushi/vec4 0, 0, 24;
    %assign/vec4 v0x55bce3bff860_0, 0;
    %jmp T_4.3;
T_4.2 ;
    %load/vec4 v0x55bce3bff920_0;
    %flag_set/vec4 8;
    %jmp/0xz  T_4.4, 8;
    ; show_stmt_assign_vector: Get l-value for compressed += operand
    %load/vec4 v0x55bce3bff860_0;
    %load/vec4 v0x55bce3bff5d0_0;
    %pad/u 24;
    %load/vec4 v0x55bce3bff6c0_0;
    %pad/u 24;
    %mul;
    %add;
    %store/vec4 v0x55bce3bff860_0, 0, 24;
T_4.4 ;
T_4.3 ;
T_4.1 ;
    %jmp T_4;
    .thread T_4;
    .scope S_0x55bce3bc4dd0;
T_5 ;
    %wait E_0x55bce3b87760;
    %load/vec4 v0x55bce3c015a0_0;
    %inv;
    %flag_set/vec4 8;
    %jmp/0xz  T_5.0, 8;
    %pushi/vec4 0, 0, 2;
    %assign/vec4 v0x55bce3c01640_0, 0;
    %pushi/vec4 0, 0, 24;
    %assign/vec4 v0x55bce3c014c0_0, 0;
    %pushi/vec4 0, 0, 32;
    %store/vec4 v0x55bce3c01260_0, 0, 32;
T_5.2 ;
    %load/vec4 v0x55bce3c01260_0;
    %cmpi/s 2, 0, 32;
    %jmp/0xz T_5.3, 5;
    %pushi/vec4 0, 0, 8;
    %ix/getv/s 3, v0x55bce3c01260_0;
    %ix/load 4, 0, 0; Constant delay
    %assign/vec4/a/d v0x55bce3c00ed0, 0, 4;
    %load/vec4 v0x55bce3c01260_0;
    %addi 1, 0, 32;
    %store/vec4 v0x55bce3c01260_0, 0, 32;
    %jmp T_5.2;
T_5.3 ;
    %jmp T_5.1;
T_5.0 ;
    %load/vec4 v0x55bce3c01640_0;
    %dup/vec4;
    %pushi/vec4 0, 0, 2;
    %cmp/u;
    %jmp/1 T_5.4, 6;
    %dup/vec4;
    %pushi/vec4 1, 0, 2;
    %cmp/u;
    %jmp/1 T_5.5, 6;
    %dup/vec4;
    %pushi/vec4 2, 0, 2;
    %cmp/u;
    %jmp/1 T_5.6, 6;
    %jmp T_5.7;
T_5.4 ;
    %load/vec4 v0x55bce3c01180_0;
    %cmpi/ne 0, 0, 2;
    %jmp/0xz  T_5.8, 4;
    %pushi/vec4 1, 0, 2;
    %assign/vec4 v0x55bce3c01640_0, 0;
    %jmp T_5.9;
T_5.8 ;
    %ix/load 4, 0, 0;
    %flag_set/imm 4, 0;
    %load/vec4a v0x55bce3c00ed0, 4;
    %addi 5, 0, 8;
    %ix/load 3, 0, 0;
    %flag_set/imm 4, 0;
    %ix/load 4, 0, 0; Constant delay
    %assign/vec4/a/d v0x55bce3c00ed0, 0, 4;
    %ix/load 4, 1, 0;
    %flag_set/imm 4, 0;
    %load/vec4a v0x55bce3c00ed0, 4;
    %addi 10, 0, 8;
    %ix/load 3, 1, 0;
    %flag_set/imm 4, 0;
    %ix/load 4, 0, 0; Constant delay
    %assign/vec4/a/d v0x55bce3c00ed0, 0, 4;
T_5.9 ;
    %jmp T_5.7;
T_5.5 ;
    %load/vec4 v0x55bce3c010a0_0;
    %cmpi/ne 0, 0, 2;
    %jmp/0xz  T_5.10, 4;
    %pushi/vec4 2, 0, 2;
    %assign/vec4 v0x55bce3c01640_0, 0;
T_5.10 ;
    %jmp T_5.7;
T_5.6 ;
    %load/vec4 v0x55bce3c01340_0;
    %assign/vec4 v0x55bce3c014c0_0, 0;
    %jmp T_5.7;
T_5.7 ;
    %pop/vec4 1;
T_5.1 ;
    %jmp T_5;
    .thread T_5;
    .scope S_0x55bce3bc4dd0;
T_6 ;
    %wait E_0x55bce3b883f0;
    %load/vec4 v0x55bce3c01640_0;
    %pushi/vec4 2, 0, 2;
    %cmp/e;
    %flag_get/vec4 4;
    %load/vec4 v0x55bce3c00700_0;
    %parti/s 1, 0, 2;
    %and;
    %flag_set/vec4 8;
    %jmp/0xz  T_6.0, 8;
    %load/vec4 v0x55bce3c01340_0;
    %parti/s 4, 0, 2;
    %dup/vec4;
    %pushi/vec4 0, 0, 4;
    %cmp/u;
    %jmp/1 T_6.2, 6;
    %dup/vec4;
    %pushi/vec4 1, 0, 4;
    %cmp/u;
    %jmp/1 T_6.3, 6;
    %dup/vec4;
    %pushi/vec4 2, 0, 4;
    %cmp/u;
    %jmp/1 T_6.4, 6;
    %dup/vec4;
    %pushi/vec4 3, 0, 4;
    %cmp/u;
    %jmp/1 T_6.5, 6;
    %dup/vec4;
    %pushi/vec4 4, 0, 4;
    %cmp/u;
    %jmp/1 T_6.6, 6;
    %dup/vec4;
    %pushi/vec4 5, 0, 4;
    %cmp/u;
    %jmp/1 T_6.7, 6;
    %dup/vec4;
    %pushi/vec4 6, 0, 4;
    %cmp/u;
    %jmp/1 T_6.8, 6;
    %dup/vec4;
    %pushi/vec4 7, 0, 4;
    %cmp/u;
    %jmp/1 T_6.9, 6;
    %dup/vec4;
    %pushi/vec4 8, 0, 4;
    %cmp/u;
    %jmp/1 T_6.10, 6;
    %dup/vec4;
    %pushi/vec4 9, 0, 4;
    %cmp/u;
    %jmp/1 T_6.11, 6;
    %dup/vec4;
    %pushi/vec4 10, 0, 4;
    %cmp/u;
    %jmp/1 T_6.12, 6;
    %dup/vec4;
    %pushi/vec4 11, 0, 4;
    %cmp/u;
    %jmp/1 T_6.13, 6;
    %dup/vec4;
    %pushi/vec4 12, 0, 4;
    %cmp/u;
    %jmp/1 T_6.14, 6;
    %dup/vec4;
    %pushi/vec4 13, 0, 4;
    %cmp/u;
    %jmp/1 T_6.15, 6;
    %dup/vec4;
    %pushi/vec4 14, 0, 4;
    %cmp/u;
    %jmp/1 T_6.16, 6;
    %dup/vec4;
    %pushi/vec4 15, 0, 4;
    %cmp/u;
    %jmp/1 T_6.17, 6;
    %jmp T_6.18;
T_6.2 ;
    %pushi/vec4 64, 0, 7;
    %store/vec4 v0x55bce3bfffb0_0, 0, 7;
    %jmp T_6.18;
T_6.3 ;
    %pushi/vec4 121, 0, 7;
    %store/vec4 v0x55bce3bfffb0_0, 0, 7;
    %jmp T_6.18;
T_6.4 ;
    %pushi/vec4 36, 0, 7;
    %store/vec4 v0x55bce3bfffb0_0, 0, 7;
    %jmp T_6.18;
T_6.5 ;
    %pushi/vec4 48, 0, 7;
    %store/vec4 v0x55bce3bfffb0_0, 0, 7;
    %jmp T_6.18;
T_6.6 ;
    %pushi/vec4 25, 0, 7;
    %store/vec4 v0x55bce3bfffb0_0, 0, 7;
    %jmp T_6.18;
T_6.7 ;
    %pushi/vec4 18, 0, 7;
    %store/vec4 v0x55bce3bfffb0_0, 0, 7;
    %jmp T_6.18;
T_6.8 ;
    %pushi/vec4 2, 0, 7;
    %store/vec4 v0x55bce3bfffb0_0, 0, 7;
    %jmp T_6.18;
T_6.9 ;
    %pushi/vec4 120, 0, 7;
    %store/vec4 v0x55bce3bfffb0_0, 0, 7;
    %jmp T_6.18;
T_6.10 ;
    %pushi/vec4 0, 0, 7;
    %store/vec4 v0x55bce3bfffb0_0, 0, 7;
    %jmp T_6.18;
T_6.11 ;
    %pushi/vec4 24, 0, 7;
    %store/vec4 v0x55bce3bfffb0_0, 0, 7;
    %jmp T_6.18;
T_6.12 ;
    %pushi/vec4 8, 0, 7;
    %store/vec4 v0x55bce3bfffb0_0, 0, 7;
    %jmp T_6.18;
T_6.13 ;
    %pushi/vec4 3, 0, 7;
    %store/vec4 v0x55bce3bfffb0_0, 0, 7;
    %jmp T_6.18;
T_6.14 ;
    %pushi/vec4 70, 0, 7;
    %store/vec4 v0x55bce3bfffb0_0, 0, 7;
    %jmp T_6.18;
T_6.15 ;
    %pushi/vec4 33, 0, 7;
    %store/vec4 v0x55bce3bfffb0_0, 0, 7;
    %jmp T_6.18;
T_6.16 ;
    %pushi/vec4 6, 0, 7;
    %store/vec4 v0x55bce3bfffb0_0, 0, 7;
    %jmp T_6.18;
T_6.17 ;
    %pushi/vec4 14, 0, 7;
    %store/vec4 v0x55bce3bfffb0_0, 0, 7;
    %jmp T_6.18;
T_6.18 ;
    %pop/vec4 1;
    %jmp T_6.1;
T_6.0 ;
    %pushi/vec4 127, 0, 7;
    %store/vec4 v0x55bce3bfffb0_0, 0, 7;
T_6.1 ;
    %jmp T_6;
    .thread T_6, $push;
    .scope S_0x55bce3bc4dd0;
T_7 ;
    %wait E_0x55bce3b883f0;
    %load/vec4 v0x55bce3c01640_0;
    %pushi/vec4 2, 0, 2;
    %cmp/e;
    %flag_get/vec4 4;
    %load/vec4 v0x55bce3c00700_0;
    %parti/s 1, 0, 2;
    %and;
    %flag_set/vec4 8;
    %jmp/0xz  T_7.0, 8;
    %load/vec4 v0x55bce3c01340_0;
    %parti/s 4, 4, 4;
    %dup/vec4;
    %pushi/vec4 0, 0, 4;
    %cmp/u;
    %jmp/1 T_7.2, 6;
    %dup/vec4;
    %pushi/vec4 1, 0, 4;
    %cmp/u;
    %jmp/1 T_7.3, 6;
    %dup/vec4;
    %pushi/vec4 2, 0, 4;
    %cmp/u;
    %jmp/1 T_7.4, 6;
    %dup/vec4;
    %pushi/vec4 3, 0, 4;
    %cmp/u;
    %jmp/1 T_7.5, 6;
    %dup/vec4;
    %pushi/vec4 4, 0, 4;
    %cmp/u;
    %jmp/1 T_7.6, 6;
    %dup/vec4;
    %pushi/vec4 5, 0, 4;
    %cmp/u;
    %jmp/1 T_7.7, 6;
    %dup/vec4;
    %pushi/vec4 6, 0, 4;
    %cmp/u;
    %jmp/1 T_7.8, 6;
    %dup/vec4;
    %pushi/vec4 7, 0, 4;
    %cmp/u;
    %jmp/1 T_7.9, 6;
    %dup/vec4;
    %pushi/vec4 8, 0, 4;
    %cmp/u;
    %jmp/1 T_7.10, 6;
    %dup/vec4;
    %pushi/vec4 9, 0, 4;
    %cmp/u;
    %jmp/1 T_7.11, 6;
    %dup/vec4;
    %pushi/vec4 10, 0, 4;
    %cmp/u;
    %jmp/1 T_7.12, 6;
    %dup/vec4;
    %pushi/vec4 11, 0, 4;
    %cmp/u;
    %jmp/1 T_7.13, 6;
    %dup/vec4;
    %pushi/vec4 12, 0, 4;
    %cmp/u;
    %jmp/1 T_7.14, 6;
    %dup/vec4;
    %pushi/vec4 13, 0, 4;
    %cmp/u;
    %jmp/1 T_7.15, 6;
    %dup/vec4;
    %pushi/vec4 14, 0, 4;
    %cmp/u;
    %jmp/1 T_7.16, 6;
    %dup/vec4;
    %pushi/vec4 15, 0, 4;
    %cmp/u;
    %jmp/1 T_7.17, 6;
    %jmp T_7.18;
T_7.2 ;
    %pushi/vec4 64, 0, 7;
    %store/vec4 v0x55bce3c00050_0, 0, 7;
    %jmp T_7.18;
T_7.3 ;
    %pushi/vec4 121, 0, 7;
    %store/vec4 v0x55bce3c00050_0, 0, 7;
    %jmp T_7.18;
T_7.4 ;
    %pushi/vec4 36, 0, 7;
    %store/vec4 v0x55bce3c00050_0, 0, 7;
    %jmp T_7.18;
T_7.5 ;
    %pushi/vec4 48, 0, 7;
    %store/vec4 v0x55bce3c00050_0, 0, 7;
    %jmp T_7.18;
T_7.6 ;
    %pushi/vec4 25, 0, 7;
    %store/vec4 v0x55bce3c00050_0, 0, 7;
    %jmp T_7.18;
T_7.7 ;
    %pushi/vec4 18, 0, 7;
    %store/vec4 v0x55bce3c00050_0, 0, 7;
    %jmp T_7.18;
T_7.8 ;
    %pushi/vec4 2, 0, 7;
    %store/vec4 v0x55bce3c00050_0, 0, 7;
    %jmp T_7.18;
T_7.9 ;
    %pushi/vec4 120, 0, 7;
    %store/vec4 v0x55bce3c00050_0, 0, 7;
    %jmp T_7.18;
T_7.10 ;
    %pushi/vec4 0, 0, 7;
    %store/vec4 v0x55bce3c00050_0, 0, 7;
    %jmp T_7.18;
T_7.11 ;
    %pushi/vec4 24, 0, 7;
    %store/vec4 v0x55bce3c00050_0, 0, 7;
    %jmp T_7.18;
T_7.12 ;
    %pushi/vec4 8, 0, 7;
    %store/vec4 v0x55bce3c00050_0, 0, 7;
    %jmp T_7.18;
T_7.13 ;
    %pushi/vec4 3, 0, 7;
    %store/vec4 v0x55bce3c00050_0, 0, 7;
    %jmp T_7.18;
T_7.14 ;
    %pushi/vec4 70, 0, 7;
    %store/vec4 v0x55bce3c00050_0, 0, 7;
    %jmp T_7.18;
T_7.15 ;
    %pushi/vec4 33, 0, 7;
    %store/vec4 v0x55bce3c00050_0, 0, 7;
    %jmp T_7.18;
T_7.16 ;
    %pushi/vec4 6, 0, 7;
    %store/vec4 v0x55bce3c00050_0, 0, 7;
    %jmp T_7.18;
T_7.17 ;
    %pushi/vec4 14, 0, 7;
    %store/vec4 v0x55bce3c00050_0, 0, 7;
    %jmp T_7.18;
T_7.18 ;
    %pop/vec4 1;
    %jmp T_7.1;
T_7.0 ;
    %pushi/vec4 127, 0, 7;
    %store/vec4 v0x55bce3c00050_0, 0, 7;
T_7.1 ;
    %jmp T_7;
    .thread T_7, $push;
    .scope S_0x55bce3bc4dd0;
T_8 ;
    %wait E_0x55bce3b883f0;
    %load/vec4 v0x55bce3c01640_0;
    %pushi/vec4 2, 0, 2;
    %cmp/e;
    %flag_get/vec4 4;
    %load/vec4 v0x55bce3c00700_0;
    %parti/s 1, 0, 2;
    %and;
    %flag_set/vec4 8;
    %jmp/0xz  T_8.0, 8;
    %load/vec4 v0x55bce3c01340_0;
    %parti/s 4, 8, 5;
    %dup/vec4;
    %pushi/vec4 0, 0, 4;
    %cmp/u;
    %jmp/1 T_8.2, 6;
    %dup/vec4;
    %pushi/vec4 1, 0, 4;
    %cmp/u;
    %jmp/1 T_8.3, 6;
    %dup/vec4;
    %pushi/vec4 2, 0, 4;
    %cmp/u;
    %jmp/1 T_8.4, 6;
    %dup/vec4;
    %pushi/vec4 3, 0, 4;
    %cmp/u;
    %jmp/1 T_8.5, 6;
    %dup/vec4;
    %pushi/vec4 4, 0, 4;
    %cmp/u;
    %jmp/1 T_8.6, 6;
    %dup/vec4;
    %pushi/vec4 5, 0, 4;
    %cmp/u;
    %jmp/1 T_8.7, 6;
    %dup/vec4;
    %pushi/vec4 6, 0, 4;
    %cmp/u;
    %jmp/1 T_8.8, 6;
    %dup/vec4;
    %pushi/vec4 7, 0, 4;
    %cmp/u;
    %jmp/1 T_8.9, 6;
    %dup/vec4;
    %pushi/vec4 8, 0, 4;
    %cmp/u;
    %jmp/1 T_8.10, 6;
    %dup/vec4;
    %pushi/vec4 9, 0, 4;
    %cmp/u;
    %jmp/1 T_8.11, 6;
    %dup/vec4;
    %pushi/vec4 10, 0, 4;
    %cmp/u;
    %jmp/1 T_8.12, 6;
    %dup/vec4;
    %pushi/vec4 11, 0, 4;
    %cmp/u;
    %jmp/1 T_8.13, 6;
    %dup/vec4;
    %pushi/vec4 12, 0, 4;
    %cmp/u;
    %jmp/1 T_8.14, 6;
    %dup/vec4;
    %pushi/vec4 13, 0, 4;
    %cmp/u;
    %jmp/1 T_8.15, 6;
    %dup/vec4;
    %pushi/vec4 14, 0, 4;
    %cmp/u;
    %jmp/1 T_8.16, 6;
    %dup/vec4;
    %pushi/vec4 15, 0, 4;
    %cmp/u;
    %jmp/1 T_8.17, 6;
    %jmp T_8.18;
T_8.2 ;
    %pushi/vec4 64, 0, 7;
    %store/vec4 v0x55bce3c00130_0, 0, 7;
    %jmp T_8.18;
T_8.3 ;
    %pushi/vec4 121, 0, 7;
    %store/vec4 v0x55bce3c00130_0, 0, 7;
    %jmp T_8.18;
T_8.4 ;
    %pushi/vec4 36, 0, 7;
    %store/vec4 v0x55bce3c00130_0, 0, 7;
    %jmp T_8.18;
T_8.5 ;
    %pushi/vec4 48, 0, 7;
    %store/vec4 v0x55bce3c00130_0, 0, 7;
    %jmp T_8.18;
T_8.6 ;
    %pushi/vec4 25, 0, 7;
    %store/vec4 v0x55bce3c00130_0, 0, 7;
    %jmp T_8.18;
T_8.7 ;
    %pushi/vec4 18, 0, 7;
    %store/vec4 v0x55bce3c00130_0, 0, 7;
    %jmp T_8.18;
T_8.8 ;
    %pushi/vec4 2, 0, 7;
    %store/vec4 v0x55bce3c00130_0, 0, 7;
    %jmp T_8.18;
T_8.9 ;
    %pushi/vec4 120, 0, 7;
    %store/vec4 v0x55bce3c00130_0, 0, 7;
    %jmp T_8.18;
T_8.10 ;
    %pushi/vec4 0, 0, 7;
    %store/vec4 v0x55bce3c00130_0, 0, 7;
    %jmp T_8.18;
T_8.11 ;
    %pushi/vec4 24, 0, 7;
    %store/vec4 v0x55bce3c00130_0, 0, 7;
    %jmp T_8.18;
T_8.12 ;
    %pushi/vec4 8, 0, 7;
    %store/vec4 v0x55bce3c00130_0, 0, 7;
    %jmp T_8.18;
T_8.13 ;
    %pushi/vec4 3, 0, 7;
    %store/vec4 v0x55bce3c00130_0, 0, 7;
    %jmp T_8.18;
T_8.14 ;
    %pushi/vec4 70, 0, 7;
    %store/vec4 v0x55bce3c00130_0, 0, 7;
    %jmp T_8.18;
T_8.15 ;
    %pushi/vec4 33, 0, 7;
    %store/vec4 v0x55bce3c00130_0, 0, 7;
    %jmp T_8.18;
T_8.16 ;
    %pushi/vec4 6, 0, 7;
    %store/vec4 v0x55bce3c00130_0, 0, 7;
    %jmp T_8.18;
T_8.17 ;
    %pushi/vec4 14, 0, 7;
    %store/vec4 v0x55bce3c00130_0, 0, 7;
    %jmp T_8.18;
T_8.18 ;
    %pop/vec4 1;
    %jmp T_8.1;
T_8.0 ;
    %pushi/vec4 127, 0, 7;
    %store/vec4 v0x55bce3c00130_0, 0, 7;
T_8.1 ;
    %jmp T_8;
    .thread T_8, $push;
    .scope S_0x55bce3bc4dd0;
T_9 ;
    %wait E_0x55bce3b883f0;
    %load/vec4 v0x55bce3c01640_0;
    %pushi/vec4 2, 0, 2;
    %cmp/e;
    %flag_get/vec4 4;
    %load/vec4 v0x55bce3c00700_0;
    %parti/s 1, 0, 2;
    %and;
    %flag_set/vec4 8;
    %jmp/0xz  T_9.0, 8;
    %load/vec4 v0x55bce3c01340_0;
    %parti/s 4, 12, 5;
    %dup/vec4;
    %pushi/vec4 0, 0, 4;
    %cmp/u;
    %jmp/1 T_9.2, 6;
    %dup/vec4;
    %pushi/vec4 1, 0, 4;
    %cmp/u;
    %jmp/1 T_9.3, 6;
    %dup/vec4;
    %pushi/vec4 2, 0, 4;
    %cmp/u;
    %jmp/1 T_9.4, 6;
    %dup/vec4;
    %pushi/vec4 3, 0, 4;
    %cmp/u;
    %jmp/1 T_9.5, 6;
    %dup/vec4;
    %pushi/vec4 4, 0, 4;
    %cmp/u;
    %jmp/1 T_9.6, 6;
    %dup/vec4;
    %pushi/vec4 5, 0, 4;
    %cmp/u;
    %jmp/1 T_9.7, 6;
    %dup/vec4;
    %pushi/vec4 6, 0, 4;
    %cmp/u;
    %jmp/1 T_9.8, 6;
    %dup/vec4;
    %pushi/vec4 7, 0, 4;
    %cmp/u;
    %jmp/1 T_9.9, 6;
    %dup/vec4;
    %pushi/vec4 8, 0, 4;
    %cmp/u;
    %jmp/1 T_9.10, 6;
    %dup/vec4;
    %pushi/vec4 9, 0, 4;
    %cmp/u;
    %jmp/1 T_9.11, 6;
    %dup/vec4;
    %pushi/vec4 10, 0, 4;
    %cmp/u;
    %jmp/1 T_9.12, 6;
    %dup/vec4;
    %pushi/vec4 11, 0, 4;
    %cmp/u;
    %jmp/1 T_9.13, 6;
    %dup/vec4;
    %pushi/vec4 12, 0, 4;
    %cmp/u;
    %jmp/1 T_9.14, 6;
    %dup/vec4;
    %pushi/vec4 13, 0, 4;
    %cmp/u;
    %jmp/1 T_9.15, 6;
    %dup/vec4;
    %pushi/vec4 14, 0, 4;
    %cmp/u;
    %jmp/1 T_9.16, 6;
    %dup/vec4;
    %pushi/vec4 15, 0, 4;
    %cmp/u;
    %jmp/1 T_9.17, 6;
    %jmp T_9.18;
T_9.2 ;
    %pushi/vec4 64, 0, 7;
    %store/vec4 v0x55bce3c00210_0, 0, 7;
    %jmp T_9.18;
T_9.3 ;
    %pushi/vec4 121, 0, 7;
    %store/vec4 v0x55bce3c00210_0, 0, 7;
    %jmp T_9.18;
T_9.4 ;
    %pushi/vec4 36, 0, 7;
    %store/vec4 v0x55bce3c00210_0, 0, 7;
    %jmp T_9.18;
T_9.5 ;
    %pushi/vec4 48, 0, 7;
    %store/vec4 v0x55bce3c00210_0, 0, 7;
    %jmp T_9.18;
T_9.6 ;
    %pushi/vec4 25, 0, 7;
    %store/vec4 v0x55bce3c00210_0, 0, 7;
    %jmp T_9.18;
T_9.7 ;
    %pushi/vec4 18, 0, 7;
    %store/vec4 v0x55bce3c00210_0, 0, 7;
    %jmp T_9.18;
T_9.8 ;
    %pushi/vec4 2, 0, 7;
    %store/vec4 v0x55bce3c00210_0, 0, 7;
    %jmp T_9.18;
T_9.9 ;
    %pushi/vec4 120, 0, 7;
    %store/vec4 v0x55bce3c00210_0, 0, 7;
    %jmp T_9.18;
T_9.10 ;
    %pushi/vec4 0, 0, 7;
    %store/vec4 v0x55bce3c00210_0, 0, 7;
    %jmp T_9.18;
T_9.11 ;
    %pushi/vec4 24, 0, 7;
    %store/vec4 v0x55bce3c00210_0, 0, 7;
    %jmp T_9.18;
T_9.12 ;
    %pushi/vec4 8, 0, 7;
    %store/vec4 v0x55bce3c00210_0, 0, 7;
    %jmp T_9.18;
T_9.13 ;
    %pushi/vec4 3, 0, 7;
    %store/vec4 v0x55bce3c00210_0, 0, 7;
    %jmp T_9.18;
T_9.14 ;
    %pushi/vec4 70, 0, 7;
    %store/vec4 v0x55bce3c00210_0, 0, 7;
    %jmp T_9.18;
T_9.15 ;
    %pushi/vec4 33, 0, 7;
    %store/vec4 v0x55bce3c00210_0, 0, 7;
    %jmp T_9.18;
T_9.16 ;
    %pushi/vec4 6, 0, 7;
    %store/vec4 v0x55bce3c00210_0, 0, 7;
    %jmp T_9.18;
T_9.17 ;
    %pushi/vec4 14, 0, 7;
    %store/vec4 v0x55bce3c00210_0, 0, 7;
    %jmp T_9.18;
T_9.18 ;
    %pop/vec4 1;
    %jmp T_9.1;
T_9.0 ;
    %pushi/vec4 127, 0, 7;
    %store/vec4 v0x55bce3c00210_0, 0, 7;
T_9.1 ;
    %jmp T_9;
    .thread T_9, $push;
    .scope S_0x55bce3bc4dd0;
T_10 ;
    %wait E_0x55bce3b883f0;
    %load/vec4 v0x55bce3c01640_0;
    %pushi/vec4 2, 0, 2;
    %cmp/e;
    %flag_get/vec4 4;
    %load/vec4 v0x55bce3c00700_0;
    %parti/s 1, 0, 2;
    %and;
    %flag_set/vec4 8;
    %jmp/0xz  T_10.0, 8;
    %load/vec4 v0x55bce3c01340_0;
    %parti/s 4, 16, 6;
    %dup/vec4;
    %pushi/vec4 0, 0, 4;
    %cmp/u;
    %jmp/1 T_10.2, 6;
    %dup/vec4;
    %pushi/vec4 1, 0, 4;
    %cmp/u;
    %jmp/1 T_10.3, 6;
    %dup/vec4;
    %pushi/vec4 2, 0, 4;
    %cmp/u;
    %jmp/1 T_10.4, 6;
    %dup/vec4;
    %pushi/vec4 3, 0, 4;
    %cmp/u;
    %jmp/1 T_10.5, 6;
    %dup/vec4;
    %pushi/vec4 4, 0, 4;
    %cmp/u;
    %jmp/1 T_10.6, 6;
    %dup/vec4;
    %pushi/vec4 5, 0, 4;
    %cmp/u;
    %jmp/1 T_10.7, 6;
    %dup/vec4;
    %pushi/vec4 6, 0, 4;
    %cmp/u;
    %jmp/1 T_10.8, 6;
    %dup/vec4;
    %pushi/vec4 7, 0, 4;
    %cmp/u;
    %jmp/1 T_10.9, 6;
    %dup/vec4;
    %pushi/vec4 8, 0, 4;
    %cmp/u;
    %jmp/1 T_10.10, 6;
    %dup/vec4;
    %pushi/vec4 9, 0, 4;
    %cmp/u;
    %jmp/1 T_10.11, 6;
    %dup/vec4;
    %pushi/vec4 10, 0, 4;
    %cmp/u;
    %jmp/1 T_10.12, 6;
    %dup/vec4;
    %pushi/vec4 11, 0, 4;
    %cmp/u;
    %jmp/1 T_10.13, 6;
    %dup/vec4;
    %pushi/vec4 12, 0, 4;
    %cmp/u;
    %jmp/1 T_10.14, 6;
    %dup/vec4;
    %pushi/vec4 13, 0, 4;
    %cmp/u;
    %jmp/1 T_10.15, 6;
    %dup/vec4;
    %pushi/vec4 14, 0, 4;
    %cmp/u;
    %jmp/1 T_10.16, 6;
    %dup/vec4;
    %pushi/vec4 15, 0, 4;
    %cmp/u;
    %jmp/1 T_10.17, 6;
    %jmp T_10.18;
T_10.2 ;
    %pushi/vec4 64, 0, 7;
    %store/vec4 v0x55bce3c002f0_0, 0, 7;
    %jmp T_10.18;
T_10.3 ;
    %pushi/vec4 121, 0, 7;
    %store/vec4 v0x55bce3c002f0_0, 0, 7;
    %jmp T_10.18;
T_10.4 ;
    %pushi/vec4 36, 0, 7;
    %store/vec4 v0x55bce3c002f0_0, 0, 7;
    %jmp T_10.18;
T_10.5 ;
    %pushi/vec4 48, 0, 7;
    %store/vec4 v0x55bce3c002f0_0, 0, 7;
    %jmp T_10.18;
T_10.6 ;
    %pushi/vec4 25, 0, 7;
    %store/vec4 v0x55bce3c002f0_0, 0, 7;
    %jmp T_10.18;
T_10.7 ;
    %pushi/vec4 18, 0, 7;
    %store/vec4 v0x55bce3c002f0_0, 0, 7;
    %jmp T_10.18;
T_10.8 ;
    %pushi/vec4 2, 0, 7;
    %store/vec4 v0x55bce3c002f0_0, 0, 7;
    %jmp T_10.18;
T_10.9 ;
    %pushi/vec4 120, 0, 7;
    %store/vec4 v0x55bce3c002f0_0, 0, 7;
    %jmp T_10.18;
T_10.10 ;
    %pushi/vec4 0, 0, 7;
    %store/vec4 v0x55bce3c002f0_0, 0, 7;
    %jmp T_10.18;
T_10.11 ;
    %pushi/vec4 24, 0, 7;
    %store/vec4 v0x55bce3c002f0_0, 0, 7;
    %jmp T_10.18;
T_10.12 ;
    %pushi/vec4 8, 0, 7;
    %store/vec4 v0x55bce3c002f0_0, 0, 7;
    %jmp T_10.18;
T_10.13 ;
    %pushi/vec4 3, 0, 7;
    %store/vec4 v0x55bce3c002f0_0, 0, 7;
    %jmp T_10.18;
T_10.14 ;
    %pushi/vec4 70, 0, 7;
    %store/vec4 v0x55bce3c002f0_0, 0, 7;
    %jmp T_10.18;
T_10.15 ;
    %pushi/vec4 33, 0, 7;
    %store/vec4 v0x55bce3c002f0_0, 0, 7;
    %jmp T_10.18;
T_10.16 ;
    %pushi/vec4 6, 0, 7;
    %store/vec4 v0x55bce3c002f0_0, 0, 7;
    %jmp T_10.18;
T_10.17 ;
    %pushi/vec4 14, 0, 7;
    %store/vec4 v0x55bce3c002f0_0, 0, 7;
    %jmp T_10.18;
T_10.18 ;
    %pop/vec4 1;
    %jmp T_10.1;
T_10.0 ;
    %pushi/vec4 127, 0, 7;
    %store/vec4 v0x55bce3c002f0_0, 0, 7;
T_10.1 ;
    %jmp T_10;
    .thread T_10, $push;
    .scope S_0x55bce3bc4dd0;
T_11 ;
    %wait E_0x55bce3b883f0;
    %load/vec4 v0x55bce3c01640_0;
    %pushi/vec4 2, 0, 2;
    %cmp/e;
    %flag_get/vec4 4;
    %load/vec4 v0x55bce3c00700_0;
    %parti/s 1, 0, 2;
    %and;
    %flag_set/vec4 8;
    %jmp/0xz  T_11.0, 8;
    %load/vec4 v0x55bce3c01340_0;
    %parti/s 4, 20, 6;
    %dup/vec4;
    %pushi/vec4 0, 0, 4;
    %cmp/u;
    %jmp/1 T_11.2, 6;
    %dup/vec4;
    %pushi/vec4 1, 0, 4;
    %cmp/u;
    %jmp/1 T_11.3, 6;
    %dup/vec4;
    %pushi/vec4 2, 0, 4;
    %cmp/u;
    %jmp/1 T_11.4, 6;
    %dup/vec4;
    %pushi/vec4 3, 0, 4;
    %cmp/u;
    %jmp/1 T_11.5, 6;
    %dup/vec4;
    %pushi/vec4 4, 0, 4;
    %cmp/u;
    %jmp/1 T_11.6, 6;
    %dup/vec4;
    %pushi/vec4 5, 0, 4;
    %cmp/u;
    %jmp/1 T_11.7, 6;
    %dup/vec4;
    %pushi/vec4 6, 0, 4;
    %cmp/u;
    %jmp/1 T_11.8, 6;
    %dup/vec4;
    %pushi/vec4 7, 0, 4;
    %cmp/u;
    %jmp/1 T_11.9, 6;
    %dup/vec4;
    %pushi/vec4 8, 0, 4;
    %cmp/u;
    %jmp/1 T_11.10, 6;
    %dup/vec4;
    %pushi/vec4 9, 0, 4;
    %cmp/u;
    %jmp/1 T_11.11, 6;
    %dup/vec4;
    %pushi/vec4 10, 0, 4;
    %cmp/u;
    %jmp/1 T_11.12, 6;
    %dup/vec4;
    %pushi/vec4 11, 0, 4;
    %cmp/u;
    %jmp/1 T_11.13, 6;
    %dup/vec4;
    %pushi/vec4 12, 0, 4;
    %cmp/u;
    %jmp/1 T_11.14, 6;
    %dup/vec4;
    %pushi/vec4 13, 0, 4;
    %cmp/u;
    %jmp/1 T_11.15, 6;
    %dup/vec4;
    %pushi/vec4 14, 0, 4;
    %cmp/u;
    %jmp/1 T_11.16, 6;
    %dup/vec4;
    %pushi/vec4 15, 0, 4;
    %cmp/u;
    %jmp/1 T_11.17, 6;
    %jmp T_11.18;
T_11.2 ;
    %pushi/vec4 64, 0, 7;
    %store/vec4 v0x55bce3c00460_0, 0, 7;
    %jmp T_11.18;
T_11.3 ;
    %pushi/vec4 121, 0, 7;
    %store/vec4 v0x55bce3c00460_0, 0, 7;
    %jmp T_11.18;
T_11.4 ;
    %pushi/vec4 36, 0, 7;
    %store/vec4 v0x55bce3c00460_0, 0, 7;
    %jmp T_11.18;
T_11.5 ;
    %pushi/vec4 48, 0, 7;
    %store/vec4 v0x55bce3c00460_0, 0, 7;
    %jmp T_11.18;
T_11.6 ;
    %pushi/vec4 25, 0, 7;
    %store/vec4 v0x55bce3c00460_0, 0, 7;
    %jmp T_11.18;
T_11.7 ;
    %pushi/vec4 18, 0, 7;
    %store/vec4 v0x55bce3c00460_0, 0, 7;
    %jmp T_11.18;
T_11.8 ;
    %pushi/vec4 2, 0, 7;
    %store/vec4 v0x55bce3c00460_0, 0, 7;
    %jmp T_11.18;
T_11.9 ;
    %pushi/vec4 120, 0, 7;
    %store/vec4 v0x55bce3c00460_0, 0, 7;
    %jmp T_11.18;
T_11.10 ;
    %pushi/vec4 0, 0, 7;
    %store/vec4 v0x55bce3c00460_0, 0, 7;
    %jmp T_11.18;
T_11.11 ;
    %pushi/vec4 24, 0, 7;
    %store/vec4 v0x55bce3c00460_0, 0, 7;
    %jmp T_11.18;
T_11.12 ;
    %pushi/vec4 8, 0, 7;
    %store/vec4 v0x55bce3c00460_0, 0, 7;
    %jmp T_11.18;
T_11.13 ;
    %pushi/vec4 3, 0, 7;
    %store/vec4 v0x55bce3c00460_0, 0, 7;
    %jmp T_11.18;
T_11.14 ;
    %pushi/vec4 70, 0, 7;
    %store/vec4 v0x55bce3c00460_0, 0, 7;
    %jmp T_11.18;
T_11.15 ;
    %pushi/vec4 33, 0, 7;
    %store/vec4 v0x55bce3c00460_0, 0, 7;
    %jmp T_11.18;
T_11.16 ;
    %pushi/vec4 6, 0, 7;
    %store/vec4 v0x55bce3c00460_0, 0, 7;
    %jmp T_11.18;
T_11.17 ;
    %pushi/vec4 14, 0, 7;
    %store/vec4 v0x55bce3c00460_0, 0, 7;
    %jmp T_11.18;
T_11.18 ;
    %pop/vec4 1;
    %jmp T_11.1;
T_11.0 ;
    %pushi/vec4 127, 0, 7;
    %store/vec4 v0x55bce3c00460_0, 0, 7;
T_11.1 ;
    %jmp T_11;
    .thread T_11, $push;
    .scope S_0x55bce3bc9e00;
T_12 ;
    %pushi/vec4 0, 0, 1;
    %assign/vec4 v0x55bce3c02120_0, 0;
    %end;
    .thread T_12;
    .scope S_0x55bce3bc9e00;
T_13 ;
    %delay 5, 0;
    %load/vec4 v0x55bce3c02120_0;
    %inv;
    %assign/vec4 v0x55bce3c02120_0, 0;
    %jmp T_13;
    .thread T_13;
    .scope S_0x55bce3bc9e00;
T_14 ;
    %vpi_call/w 3 25 "$dumpfile", "dump.vcd" {0 0 0};
    %vpi_call/w 3 26 "$dumpvars", 32'sb00000000000000000000000000000000, S_0x55bce3bc9e00 {0 0 0};
    %pushi/vec4 1, 0, 10;
    %assign/vec4 v0x55bce3c02050_0, 0;
    %pushi/vec4 0, 0, 4;
    %assign/vec4 v0x55bce3c01eb0_0, 0;
    %delay 100, 0;
    %pushi/vec4 1, 0, 4;
    %assign/vec4 v0x55bce3c01eb0_0, 0;
    %pushi/vec4 0, 0, 10;
    %assign/vec4 v0x55bce3c02050_0, 0;
    %wait E_0x55bce3b87e80;
    %delay 1000, 0;
    %pushi/vec4 1, 0, 10;
    %assign/vec4 v0x55bce3c02050_0, 0;
    %delay 1000, 0;
    %load/vec4 v0x55bce3c01de0_0;
    %cmpi/ne 64, 0, 7;
    %jmp/0xz  T_14.0, 6;
    %vpi_call/w 3 40 "$display", "Digit 5 mismatch" {0 0 0};
    %vpi_call/w 3 41 "$finish" {0 0 0};
T_14.0 ;
    %load/vec4 v0x55bce3c01cf0_0;
    %cmpi/ne 64, 0, 7;
    %jmp/0xz  T_14.2, 6;
    %vpi_call/w 3 44 "$display", "Digit 4 mismatch" {0 0 0};
    %vpi_call/w 3 45 "$finish" {0 0 0};
T_14.2 ;
    %load/vec4 v0x55bce3c01c20_0;
    %cmpi/ne 121, 0, 7;
    %jmp/0xz  T_14.4, 6;
    %vpi_call/w 3 48 "$display", "Digit 3 mismatch" {0 0 0};
    %vpi_call/w 3 49 "$finish" {0 0 0};
T_14.4 ;
    %load/vec4 v0x55bce3c01b20_0;
    %cmpi/ne 3, 0, 7;
    %jmp/0xz  T_14.6, 6;
    %vpi_call/w 3 52 "$display", "Digit 2 mismatch" {0 0 0};
    %vpi_call/w 3 53 "$finish" {0 0 0};
T_14.6 ;
    %load/vec4 v0x55bce3c01a80_0;
    %cmpi/ne 18, 0, 7;
    %jmp/0xz  T_14.8, 6;
    %vpi_call/w 3 56 "$display", "Digit 1 mismatch" {0 0 0};
    %vpi_call/w 3 57 "$finish" {0 0 0};
T_14.8 ;
    %load/vec4 v0x55bce3c019a0_0;
    %cmpi/ne 0, 0, 7;
    %jmp/0xz  T_14.10, 6;
    %vpi_call/w 3 60 "$display", "Digit 0 mismatch" {0 0 0};
    %vpi_call/w 3 61 "$finish" {0 0 0};
T_14.10 ;
    %vpi_call/w 3 65 "$display", "Yahoo! All tests passed!" {0 0 0};
    %vpi_call/w 3 66 "$finish" {0 0 0};
    %end;
    .thread T_14;
# The file index is used to find the file name in the following table.
:file_names 7;
    "N/A";
    "<interactive>";
    "-";
    "tb.sv";
    "Minilab0.v";
    "fifo.sv";
    "mac.sv";
